---
source: crates/decorous-frontend/src/parser/mod.rs
expression: parse(input.into())
---
Ok(
    DecorousAst {
        nodes: [
            Node {
                metadata: Location {
                    offset: 0,
                    length: 2,
                    line: 1,
                    column: 1,
                },
                node_type: Text(
                    Text(
                        "\\/",
                    ),
                ),
            },
        ],
        script: None,
        css: None,
    },
)
