---
source: crates/decorous-frontend/src/parser/mod.rs
expression: parse(input.into())
---
Err(
    Report {
        diagnostics: [
            Diagnostic {
                msg: "parser error: invalid closing tag, expected div",
                severity: Error,
                helpers: [
                    Helper {
                        msg: "here",
                        span: 5..6,
                    },
                ],
                offset: 5,
                note: Some(
                    "replace this tag with the expected!",
                ),
            },
        ],
    },
)
