---
source: crates/decorous-frontend/src/parser/mod.rs
expression: ast
---
Err(
    ParseError {
        fragment: Location {
            offset: 23,
            length: 1,
        },
        help: None,
        err_type: CannotHaveTwoScripts,
    },
)
