---
source: crates/decorous-backend/src/prerender/mod.rs
expression: "format!(\"{}\\n---\\n{}\", String :: from_utf8(js_out).unwrap(), String ::\n    from_utf8(html_out).unwrap())"
---
function replace(node) {
  const text = document.createTextNode("");
  node.replaceWith(text);
  return text;
}
let x = 3;
const elems = {"0":document.getElementById("0"),};
__update(null, true);
function __update(dirty, initial) {
  if (initial) elems["0"].setAttribute("class", x + 3);
}

---
<p id="0">Text</p>
