---
source: crates/decorous-frontend/src/parser.rs
expression: tree
---
[
    Node {
        loc: Location {
            start: 0,
            end: 29,
        },
        node_type: Error,
    },
]
