---
source: crates/decorous-frontend/src/parser.rs
expression: tree
---
DecorousAst {
    nodes: [],
    script: None,
    css: Some(
        "hello { color: red; }",
    ),
}
