---
source: decorous-frontend/src/parser.rs
expression: parser.parse_nodes()
---
[
    Node {
        loc: Location {
            start: 0,
            end: 4,
        },
        node_type: Text(
            "hello",
        ),
    },
]
