---
source: crates/decorous-frontend/src/nom_parser.rs
expression: attribute(input)
---
Err(
    Error(
        Error {
            input: "\"wrong\"",
            code: Tag,
        },
    ),
)
