---
source: crates/decorous-frontend/src/parser.rs
expression: tree
---
DecorousAst {
    nodes: [
        Node {
            metadata: Location {
                start: 0,
                end: 2,
            },
            node_type: Text(
                "<!-",
            ),
        },
    ],
    script: None,
    css: None,
}
