---
source: crates/decorous-frontend/src/parser.rs
expression: tree
---
DecorousAst {
    nodes: [
        Node {
            metadata: Location {
                start: 0,
                end: 37,
            },
            node_type: SpecialBlock(
                For(
                    ForBlock {
                        binding: "i",
                        index: None,
                        expr: EXPR_STMT@0..9
                          ARRAY_EXPR@0..9
                            L_BRACK@0..1 "["
                            LITERAL@1..2
                              NUMBER@1..2 "1"
                            COMMA@2..3 ","
                            WHITESPACE@3..4 " "
                            LITERAL@4..5
                              NUMBER@4..5 "2"
                            COMMA@5..6 ","
                            WHITESPACE@6..7 " "
                            LITERAL@7..8
                              NUMBER@7..8 "3"
                            R_BRACK@8..9 "]"
                        ,
                        inner: [
                            Node {
                                metadata: Location {
                                    start: 21,
                                    end: 30,
                                },
                                node_type: Element(
                                    Element {
                                        tag: "p",
                                        attrs: [],
                                        children: [
                                            Node {
                                                metadata: Location {
                                                    start: 24,
                                                    end: 26,
                                                },
                                                node_type: Mustache(
                                                    EXPR_STMT@0..1
                                                      NAME_REF@0..1
                                                        IDENT@0..1 "i"
                                                    ,
                                                ),
                                            },
                                        ],
                                    },
                                ),
                            },
                        ],
                    },
                ),
            ),
        },
        Node {
            metadata: Location {
                start: 49,
                end: 49,
            },
            node_type: Text(
                " ",
            ),
        },
        Node {
            metadata: Location {
                start: 50,
                end: 60,
            },
            node_type: Element(
                Element {
                    tag: "p",
                    attrs: [],
                    children: [
                        Node {
                            metadata: Location {
                                start: 53,
                                end: 56,
                            },
                            node_type: Text(
                                "Text",
                            ),
                        },
                    ],
                },
            ),
        },
    ],
    script: None,
    css: None,
}
