---
source: crates/decorous-frontend/src/css/parser.rs
expression: parser.parse()
---
Err(
    ParseError {
        fragment: Location {
            offset: 18,
            length: 1,
            line: 1,
            column: 18,
        },
        err_type: ExpectedCharacter(
            '}',
        ),
    },
)
