---
source: crates/decorous-frontend/src/css/parser.rs
expression: parser.parse()
---
Ok(
    Css {
        rules: [
            Regular(
                RegularRule {
                    selector: [
                        Selector {
                            parts: [
                                SelectorPart {
                                    text: Some(
                                        "p",
                                    ),
                                    pseudoes: [],
                                },
                            ],
                        },
                    ],
                    declarations: [
                        Declaration {
                            name: "color",
                            values: [
                                Mustache(
                                    NAME_REF@0..5
                                      IDENT@0..5 "color"
                                    ,
                                ),
                                Css(
                                    "yellow blue",
                                ),
                            ],
                        },
                    ],
                },
            ),
        ],
    },
)
