---
source: crates/decorous-frontend/src/css/parser.rs
expression: parser.parse()
---
Ok(
    Css {
        rules: [
            Regular(
                RegularRule {
                    selector: [
                        Selector {
                            parts: [
                                SelectorPart {
                                    text: Some(
                                        "p",
                                    ),
                                    pseudoes: [],
                                },
                            ],
                        },
                    ],
                    declarations: [
                        Declaration {
                            name: "color",
                            values: [
                                Css(
                                    "green",
                                ),
                            ],
                        },
                        Declaration {
                            name: "background",
                            values: [
                                Css(
                                    "red",
                                ),
                            ],
                        },
                    ],
                },
            ),
            Regular(
                RegularRule {
                    selector: [
                        Selector {
                            parts: [
                                SelectorPart {
                                    text: Some(
                                        "h1",
                                    ),
                                    pseudoes: [],
                                },
                            ],
                        },
                    ],
                    declarations: [
                        Declaration {
                            name: "color",
                            values: [
                                Css(
                                    "red",
                                ),
                            ],
                        },
                    ],
                },
            ),
        ],
    },
)
